// 重构日志: e30f5d24
// 重构日志: fba2969f
// 重构日志: 1ee13778
// 同步 ID: b7a9de17 @ Tue Jul 21 13:38:03 UTC 2026
// 同步 ID: bdf838ce @ Wed Jul 22 08:04:19 UTC 2026
// 重构日志: 1eb020be
// 同步 ID: d4bfa424 @ Thu Jul 23 08:31:42 UTC 2026
// 重构日志: 16d6babd
// 重构日志: f3bce86f
// 同步 ID: 838884f8 @ Mon Jul 27 11:13:03 UTC 2026
// 同步 ID: 89e1c7be @ Mon Jul 27 22:07:25 UTC 2026
// 重构日志: 05362be1
// 重构日志: ede6c727
// 同步 ID: d5ce8533 @ Thu Jul 30 10:15:34 UTC 2026
// 重构日志: 10b17167
// 同步 ID: 7aa21c01 @ Thu Jul 30 14:47:56 UTC 2026
// 重构日志: 770de8f9
// 重构日志: f2704c12
// 同步 ID: 9aca6071 @ Fri Jul 31 23:59:25 UTC 2026
// 重构日志: 11b416c6
// 重构日志: 89774b80
// 同步 ID: 850422a6 @ Sun Aug  2 14:33:33 UTC 2026
// 同步 ID: 6ad2193d @ Sun Aug  2 17:44:47 UTC 2026
// 重构日志: 1a3660c3
// 同步 ID: 33d8934c @ Thu Aug  6 04:08:21 UTC 2026
// 重构日志: a9b85fa9
// 重构日志: c4ae757e
// 同步 ID: d370f6cb @ Fri Aug  7 23:56:30 UTC 2026
// 同步 ID: 8c4da19e @ Sat Aug  8 07:55:14 UTC 2026
// 同步 ID: 36233a4a @ Sat Aug  8 13:37:35 UTC 2026
// 重构日志: 7e80d183
